C251 COMPILER V5.60.0,  fan                                                                18/07/25  14:57:38  PAGE 1   


C251 COMPILER V5.60.0, COMPILATION OF MODULE fan
OBJECT MODULE PLACED IN .\Objects\fan.obj
COMPILER INVOKED BY: C:\Keil_v5\C251\BIN\C251.EXE Src\fan.c XSMALL BROWSE INCDIR(.\Libraries\libraries;.\Libraries\seekf
                    -ree_components;.\Libraries\seekfree_libraries;.\Libraries\seekfree_peripheral;.\Inc) DEBUG PRINT(.\Listings\fan.lst) TAB
                    -S(2) OBJECT(.\Objects\fan.obj) 

stmt  level    source

    1          #include "fan.h"
    2          
    3          // TODO: Add array of 6 fans
    4          Fan fans[6];
    5          Fan test_fan = {FAN_0_SPEED_PWM, PWMA_CH4P_P66};
    6          
    7          void initial_all_fan(void) {
    8   1        pwm_init(PWMA_CH4P_P66, FAN_FREQ, 0);
    9   1        pwm_duty(PWMA_CH4P_P66, FAN_0_SPEED_PWM);
   10   1      }
   11          
   12          void fan_set_speed(Fan *fan, int speed) {
   13   1        if (speed < FAN_0_SPEED_PWM)
   14   1          speed = FAN_0_SPEED_PWM;
   15   1        else if (speed > FAN_FULL_SPEED_PWM)
   16   1          speed = FAN_FULL_SPEED_PWM;
   17   1      
   18   1        pwm_duty(fan->pin, speed);
   19   1        fan->speed = speed;
   20   1      }


Module Information          Static   Overlayable
------------------------------------------------
  code size            =       106     ------
  ecode size           =    ------     ------
  data size            =    ------     ------
  idata size           =    ------     ------
  pdata size           =    ------     ------
  xdata size           =    ------     ------
  xdata-const size     =    ------     ------
  edata size           =        28          4
  bit size             =    ------     ------
  ebit size            =    ------     ------
  bitaddressable size  =    ------     ------
  ebitaddressable size =    ------     ------
  far data size        =    ------     ------
  huge data size       =    ------     ------
  const size           =    ------     ------
  hconst size          =         8     ------
End of Module Information.


C251 COMPILATION COMPLETE.  0 WARNING(S),  0 ERROR(S)
